✔ [5202/5269] Built TzapLean.Circuit (1.6s)
✔ [5203/5269] Built TzapLean.Circuit:c.o (749ms)
✔ [5204/5269] Built TzapLean.Qasm (1.5s)
✔ [5205/5269] Built TzapLean.Hash (2.8s)
✔ [5206/5269] Built TzapLean.Hash:c.o (174ms)
✔ [5207/5269] Built TzapLean.Semantics (2.4s)
✔ [5208/5269] Built TzapLean.Qasm:c.o (899ms)
✔ [5209/5269] Built TzapLean.Semantics:c.o (253ms)
✔ [5210/5269] Built TzapLean.Support (1.0s)
✔ [5211/5269] Built TzapLean.Support:c.o (590ms)
✔ [5212/5269] Built TzapLean.GateAlgebra (2.7s)
✔ [5213/5269] Built TzapLean.GateAlgebra:c.o (454ms)
✔ [5214/5269] Built TzapLean.Cyclotomic (2.0s)
✔ [5215/5269] Built TzapLean.Cyclotomic:c.o (288ms)
✔ [5216/5269] Built TzapLean.Equivalence (12s)
✔ [5217/5269] Built TzapLean.Equivalence:c.o (69ms)
✔ [5218/5269] Built TzapLean.Pass (1.7s)
✔ [5219/5269] Built TzapLean.Pass:c.o (252ms)
✔ [5220/5269] Built TzapLean.Rewrite (2.3s)
✔ [5221/5269] Built TzapLean.Rewrite:c.o (557ms)
✔ [5222/5269] Built TzapLean.ExecutableRandPass (1.8s)
✔ [5223/5269] Built TzapLean.ExecutableRandPass:c.o (160ms)
✔ [5224/5269] Built TzapLean.RandPass (2.9s)
✔ [5225/5269] Built TzapLean.RandPass:c.o (198ms)
✔ [5226/5269] Built TzapLean.CnotMin (3.2s)
✔ [5227/5269] Built TzapLean.CnotMin:c.o (2.3s)
✔ [5228/5269] Built TzapLean.Cancel (5.8s)
✔ [5229/5269] Built TzapLean.Analysis (2.4s)
✔ [5230/5269] Built TzapLean.Cancel:c.o (2.6s)
✔ [5231/5269] Built TzapLean.Analysis:c.o (222ms)
✔ [5232/5269] Built TzapLean.CnotMinProof (3.6s)
✔ [5233/5269] Built TzapLean.CnotMinProof:c.o (414ms)
✔ [5234/5269] Built TzapLean.Merge (2.4s)
✔ [5235/5269] Built TzapLean.SemanticsCheck (4.9s)
✔ [5236/5269] Built TzapLean.Merge:c.o (79ms)
✔ [5237/5269] Built TzapLean.PhaseFold (2.7s)
✔ [5238/5269] Built TzapLean.ExactMat (2.7s)
✔ [5239/5269] Built TzapLean.Locality (2.7s)
✔ [5240/5269] Built TzapLean.Locality:c.o (527ms)
✔ [5241/5269] Built TzapLean.PhaseFold:c.o (666ms)
✔ [5242/5269] Built TzapLean.ExactMat:c.o (722ms)
✔ [5243/5269] Built TzapLean.Tests (4.0s)
✔ [5244/5269] Built TzapLean.PhaseFoldProof (2.4s)
✔ [5245/5269] Built TzapLean.PhaseFoldProof:c.o (285ms)
✔ [5246/5269] Built TzapLean.SynthTable (3.1s)
✔ [5247/5269] Built TzapLean.SynthTable:c.o (1.7s)
✔ [5248/5269] Built TzapLean.SuperOpt (2.1s)
✔ [5249/5269] Built TzapLean.TableCache (2.3s)
✔ [5250/5269] Built TzapLean.PhaseFoldRand (3.1s)
✔ [5251/5269] Built TzapLean.PhaseFoldRand:c.o (308ms)
✔ [5252/5269] Built TzapLean.TableCache:c.o (696ms)
✔ [5253/5269] Built TzapLean.SuperOpt:c.o (1.4s)
✔ [5254/5269] Built TzapLean.SuperOptProof (2.5s)
✔ [5255/5269] Built TzapLean.SuperOptProof:c.o (99ms)
✔ [5256/5269] Built TzapLean.PhaseFoldTests (3.0s)
✔ [5257/5269] Built TzapLean.Pipeline (2.1s)
✔ [5258/5269] Built TzapLean.Pipeline:c.o (78ms)
✔ [5259/5269] Built TzapLean.SuperOptTests (3.0s)
✔ [5260/5269] Built TzapLean.Optimize (2.5s)
✔ [5261/5269] Built TzapLean.Optimize:c.o (762ms)
✔ [5262/5269] Built TzapLean.QasmTests (2.1s)
✔ [5263/5269] Built TzapLean.Cli (2.4s)
✔ [5264/5269] Built TzapLean.Cli:c.o (1.0s)
✔ [5265/5269] Built TzapLean (1.8s)
✔ [5267/5269] Built Main (1.9s)
✔ [5268/5269] Built Main:c.o (89ms)
✔ [5269/5269] Built «tzap-lean»:exe (1.0s)
Build completed successfully (5269 jobs).
