✔ [5204/5269] Built TzapLean.Circuit (1.3s)
✔ [5205/5269] Built TzapLean.Circuit:c.o (673ms)
✔ [5206/5269] Built TzapLean.Qasm (1.4s)
✔ [5208/5269] Built TzapLean.Semantics (2.2s)
✔ [5210/5269] Built TzapLean.Support (1.9s)
✔ [5212/5269] Built TzapLean.GateAlgebra (2.7s)
✔ [5214/5269] Built TzapLean.Cyclotomic (2.1s)
✔ [5216/5269] Built TzapLean.Equivalence (12s)
✔ [5218/5269] Built TzapLean.Pass (1.7s)
✔ [5220/5269] Built TzapLean.Rewrite (2.2s)
✔ [5222/5269] Built TzapLean.ExecutableRandPass (1.7s)
✔ [5224/5269] Built TzapLean.RandPass (2.9s)
✔ [5226/5269] Built TzapLean.CnotMin (3.1s)
✔ [5228/5269] Built TzapLean.Cancel (5.4s)
✔ [5229/5269] Built TzapLean.Cancel:c.o (2.5s)
✔ [5230/5269] Built TzapLean.Analysis (2.6s)
✔ [5232/5269] Built TzapLean.CnotMinProof (3.4s)
✔ [5233/5269] Built TzapLean.CnotMinProof:c.o (359ms)
✔ [5234/5269] Built TzapLean.SemanticsCheck (4.6s)
✔ [5235/5269] Built TzapLean.Merge (2.2s)
✔ [5237/5269] Built TzapLean.Locality (2.5s)
✔ [5239/5269] Built TzapLean.PhaseFold (2.7s)
✔ [5240/5269] Built TzapLean.ExactMat (2.9s)
✔ [5242/5269] Built TzapLean.PhaseFold:c.o (744ms)
✔ [5243/5269] Built TzapLean.Tests (4.9s)
✔ [5244/5269] Built TzapLean.PhaseFoldProof (2.5s)
✔ [5246/5269] Built TzapLean.SynthTable (3.8s)
✔ [5248/5269] Built TzapLean.PhaseFoldRand (2.9s)
✔ [5250/5269] Built TzapLean.TableCache (2.2s)
✔ [5252/5269] Built TzapLean.SuperOpt (2.6s)
✔ [5253/5269] Built TzapLean.SuperOpt:c.o (1.4s)
✔ [5254/5269] Built TzapLean.PhaseFoldTests (3.2s)
✔ [5255/5269] Built TzapLean.SuperOptProof (2.9s)
✔ [5257/5269] Built TzapLean.Pipeline (2.0s)
✔ [5259/5269] Built TzapLean.SuperOptTests (3.8s)
✔ [5260/5269] Built TzapLean.Optimize (2.5s)
✔ [5262/5269] Built TzapLean.Cli (2.4s)
✔ [5263/5269] Built TzapLean.QasmTests (2.4s)
✔ [5265/5269] Built TzapLean (1.8s)
✔ [5267/5269] Built Main (1.8s)
✔ [5269/5269] Built «tzap-lean»:exe (1.0s)
Build completed successfully (5269 jobs).
