✔ [5228/5269] Built TzapLean.Cancel (5.3s)
✔ [5229/5269] Built TzapLean.Cancel:c.o (2.5s)
✔ [5230/5269] Built TzapLean.Analysis (2.7s)
✔ [5232/5269] Built TzapLean.CnotMinProof (3.5s)
✔ [5234/5269] Built TzapLean.Merge (1.9s)
✔ [5236/5269] Built TzapLean.SemanticsCheck (4.8s)
✔ [5237/5269] Built TzapLean.Locality (2.4s)
✔ [5239/5269] Built TzapLean.PhaseFold (2.4s)
✔ [5241/5269] Built TzapLean.ExactMat (2.6s)
✔ [5243/5269] Built TzapLean.Tests (4.5s)
✔ [5244/5269] Built TzapLean.PhaseFoldProof (2.6s)
✔ [5246/5269] Built TzapLean.SynthTable (3.6s)
✔ [5248/5269] Built TzapLean.PhaseFoldRand (2.7s)
✔ [5250/5269] Built TzapLean.TableCache (2.2s)
✔ [5252/5269] Built TzapLean.SuperOpt (2.5s)
✔ [5254/5269] Built TzapLean.PhaseFoldTests (2.9s)
✔ [5255/5269] Built TzapLean.SuperOptProof (2.3s)
✔ [5257/5269] Built TzapLean.Pipeline (1.8s)
✔ [5259/5269] Built TzapLean.SuperOptTests (3.5s)
✔ [5260/5269] Built TzapLean.Optimize (2.5s)
✔ [5262/5269] Built TzapLean.Cli (2.3s)
✔ [5263/5269] Built TzapLean.QasmTests (2.3s)
✔ [5265/5269] Built Main (1.5s)
✔ [5267/5269] Built TzapLean (1.6s)
✔ [5269/5269] Built «tzap-lean»:exe (1.0s)
Build completed successfully (5269 jobs).
